// Jest Snapshot v1, https://goo.gl/fbAQLP

exports[`App component expects component to never be changed 1`] = `
<div
  className="app-container"
>
  <Memo(Header) />
  <NewTransaction
    addTransaction={[Function]}
  />
  <Memo(TransactionsHistory)
    deleteTransaction={[Function]}
    transactions={Array []}
  />
</div>
`;
